[convertcase.net/index.html]
[convertcase.net/choicefdfe.js]
[backblue.gif]
[fade.gif]
[index.html]
[convertcase.net/choice/index.html]
[convertcase.net/css/appc213.css]
[convertcase.net/apple-touch-icon.png]
[convertcase.net/favicon.ico]
[convertcase.net/manifest.json]
[convertcase.net/de/index.html]
[convertcase.net/el/index.html]
[convertcase.net/fil/index.html]
[convertcase.net/es/index.html]
[cdn.adapex.io/hb/aaw.cc-2.js]
[convertcase.net/fr/index.html]
[convertcase.net/it/index.html]
[convertcase.net/img/kofi.png]
[convertcase.net/hi/index.html]
[convertcase.net/hu/index.html]
[convertcase.net/pl/index.html]
[convertcase.net/pt/index.html]
[convertcase.net/tr/index.html]
[convertcase.net/img/chrome.png]
[convertcase.net/big-text-generator/index.html]
[convertcase.net/ua/index.html]
[convertcase.net/bold-text-converter/index.html]
[convertcase.net/bubble-text-generator/index.html]
[convertcase.net/cursed-text/index.html]
[convertcase.net/duplicate-line-remover/index.html]
[convertcase.net/img/ios.png]
[convertcase.net/facebook-font-generator/index.html]
[convertcase.net/img/android.png]
[convertcase.net/invisible-text-generator/index.html]
[convertcase.net/mirror-text-generator/index.html]
[convertcase.net/italic-text-converter/index.html]
[convertcase.net/phonetic-spelling-generator/index.html]
[convertcase.net/sitemap.html]
[convertcase.net/plain-text-converter/index.html]
[convertcase.net/convertcase-net.txt]
[convertcase.net/pig-latin-translator/index.html]
[convertcase.net/remove-line-breaks/index.html]
[convertcase.net/remove-text-formatting/index.html]
[convertcase.net/reverse-text-generator/index.html]
[convertcase.net/sentence-case/index.html]
[convertcase.net/small-text-generator/index.html]
[convertcase.net/stacked-text-generator/index.html]
[convertcase.net/index.html]
[convertcase.net/js/home.minc213.js]
[convertcase.net/choice/index.html]
[convertcase.net/strikethrough-text-generator/index.html]
[convertcase.net/title-case-converter/index.html]
[convertcase.net/choicefdfe.html]
[convertcase.net/css/appc213.css]
[convertcase.net/superscript-generator/index.html]
[convertcase.net/upside-down-text-generator/index.html]
[convertcase.net/unicode-text-converter/index.html]
[convertcase.net/whitespace-remover/index.html]
[convertcase.net/underline-text/index.html]
[convertcase.net/vaporwave-wide-text-generator/index.html]
[convertcase.net/glitch-text-converter/index.html]
[convertcase.net/wingdings-converter/index.html]
[convertcase.net/binary-code-translator/index.html]
[convertcase.net/de/convertcase-net.txt]
[convertcase.net/de/index.html]
[convertcase.net/csv-to-json/index.html]
[convertcase.net/hex-to-text-converter/index.html]
[convertcase.net/json-stringify-text/index.html]
[convertcase.net/morse-code-translator/index.html]
[convertcase.net/slugify-url-handle-generator/index.html]
[convertcase.net/number-sorter/index.html]
[convertcase.net/el/convertcase-net.txt]
[convertcase.net/el/index.html]
[convertcase.net/utf8-encoding/index.html]
[convertcase.net/url-encode-decode/index.html]
[convertcase.net/ascii-art-generator/index.html]
[convertcase.net/utm-generator/index.html]
[convertcase.net/image-to-text-converter/index.html]
[convertcase.net/png-to-jpg/index.html]
[convertcase.net/jpg-to-webp/index.html]
[convertcase.net/jpg-to-png/index.html]
[convertcase.net/es/convertcase-net.txt]
[convertcase.net/es/index.html]
[convertcase.net/png-to-webp/index.html]
[convertcase.net/webp-to-jpg/index.html]
[convertcase.net/svg-to-png/index.html]
[convertcase.net/webp-to-png/index.html]
[convertcase.net/random-choice-generator/index.html]
[convertcase.net/random-date-generator/index.html]
[convertcase.net/random-ip-address-generator/index.html]
[convertcase.net/fil/convertcase-net.txt]
[convertcase.net/fil/index.html]
[convertcase.net/random-number-generator/index.html]
[convertcase.net/strong-password-generator/index.html]
[convertcase.net/random-letter-generator/index.html]
[convertcase.net/random-month-generator/index.html]
[convertcase.net/nato-alphabet-translator/index.html]
[convertcase.net/online-sentence-counter/index.html]
[convertcase.net/fr/convertcase-net.txt]
[convertcase.net/fr/index.html]
[convertcase.net/repeat-text/index.html]
[convertcase.net/roman-numeral-date-converter/index.html]
[convertcase.net/sort-alphabetically/index.html]
[convertcase.net/replace-text/index.html]
[convertcase.net/hi/convertcase-net.txt]
[convertcase.net/hi/index.html]
[convertcase.net/about/index.html]
[convertcase.net/browser-extension/index.html]
[convertcase.net/contact/index.html]
[convertcase.net/mobile-app/index.html]
[convertcase.net/online-text-tools/index.html]
[convertcase.net/hu/convertcase-net.txt]
[convertcase.net/hu/index.html]
[convertcase.net/privacy/index.html]
[convertcase.net/suggest-tool/index.html]
[convertcase.net/terms/index.html]
[convertcase.net/it/convertcase-net.txt]
[convertcase.net/it/index.html]
[convertcase.net/pl/convertcase-net.txt]
[convertcase.net/pl/index.html]
[convertcase.net/pt/convertcase-net.txt]
[convertcase.net/pt/index.html]
[convertcase.net/tr/convertcase-net.txt]
[convertcase.net/tr/index.html]
[convertcase.net/ua/convertcase-net.txt]
[convertcase.net/ua/index.html]
[convertcase.net/big-text-generator/convertcase-net.txt]
[convertcase.net/big-text-generator/index.html]
[convertcase.net/js/big-text-generator.minc213.js]
[convertcase.net/bold-text-converter/convertcase-net.txt]
[convertcase.net/bold-text-converter/index.html]
[convertcase.net/js/bold-text-converter.minc213.js]
[convertcase.net/bubble-text-generator/convertcase-net.txt]
[convertcase.net/bubble-text-generator/index.html]
[convertcase.net/js/bubble-text-generator.minc213.js]
[convertcase.net/cursed-text/convertcase-net.txt]
[convertcase.net/cursed-text/index.html]
[convertcase.net/js/cursed-text.minc213.js]
[convertcase.net/duplicate-line-remover/convertcase-net.txt]
[convertcase.net/duplicate-line-remover/index.html]
[convertcase.net/js/duplicate-line-remover.minc213.js]
[convertcase.net/facebook-font-generator/convertcase-net.txt]
[convertcase.net/facebook-font-generator/index.html]
[convertcase.net/js/facebook-font-generator.minc213.js]
[convertcase.net/invisible-text-generator/convertcase-net.txt]
[convertcase.net/invisible-text-generator/index.html]
[convertcase.net/js/invisible-text-generator.minc213.js]
[convertcase.net/italic-text-converter/convertcase-net.txt]
[convertcase.net/italic-text-converter/index.html]
[convertcase.net/js/italic-text-converter.minc213.js]
[convertcase.net/mirror-text-generator/convertcase-net.txt]
[convertcase.net/mirror-text-generator/index.html]
[convertcase.net/js/mirror-text-generator.minc213.js]
[convertcase.net/phonetic-spelling-generator/convertcase-net.txt]
[convertcase.net/phonetic-spelling-generator/index.html]
[convertcase.net/js/phonetic-spelling-generator.minc213.js]
[convertcase.net/pig-latin-translator/convertcase-net.txt]
[convertcase.net/pig-latin-translator/index.html]
[convertcase.net/js/pig-latin-translator.minc213.js]
[convertcase.net/plain-text-converter/convertcase-net.txt]
[convertcase.net/plain-text-converter/index.html]
[convertcase.net/js/plain-text-converter.minc213.js]
[convertcase.net/remove-line-breaks/convertcase-net.txt]
[convertcase.net/remove-line-breaks/index.html]
[convertcase.net/js/remove-line-breaks.minc213.js]
[convertcase.net/remove-text-formatting/convertcase-net.txt]
[convertcase.net/remove-text-formatting/index.html]
[convertcase.net/js/remove-text-formatting.minc213.js]
[convertcase.net/reverse-text-generator/convertcase-net.txt]
[convertcase.net/reverse-text-generator/index.html]
[convertcase.net/js/reverse-text-generator.minc213.js]
[convertcase.net/sentence-case/convertcase-net.txt]
[convertcase.net/sentence-case/index.html]
[convertcase.net/js/sentence-case.minc213.js]
[convertcase.net/small-text-generator/convertcase-net.txt]
[convertcase.net/small-text-generator/index.html]
[convertcase.net/js/small-text-generator.minc213.js]
[convertcase.net/stacked-text-generator/convertcase-net.txt]
[convertcase.net/stacked-text-generator/index.html]
[convertcase.net/js/stacked-text-generator.minc213.js]
[convertcase.net/strikethrough-text-generator/convertcase-net.txt]
[convertcase.net/strikethrough-text-generator/index.html]
[convertcase.net/js/strikethrough-text-generator.minc213.js]
[convertcase.net/superscript-generator/convertcase-net.txt]
[convertcase.net/superscript-generator/index.html]
[convertcase.net/js/superscript-generator.minc213.js]
[convertcase.net/title-case-converter/convertcase-net.txt]
[convertcase.net/title-case-converter/index.html]
[convertcase.net/js/title-case-converter.minc213.js]
[convertcase.net/underline-text/convertcase-net.txt]
[convertcase.net/underline-text/index.html]
[convertcase.net/js/underline-text.minc213.js]
[convertcase.net/unicode-text-converter/convertcase-net.txt]
[convertcase.net/unicode-text-converter/index.html]
[convertcase.net/js/unicode-text-converter.minc213.js]
[convertcase.net/upside-down-text-generator/convertcase-net.txt]
[convertcase.net/upside-down-text-generator/index.html]
[convertcase.net/js/upside-down-text-generator.minc213.js]
[convertcase.net/whitespace-remover/convertcase-net.txt]
[convertcase.net/whitespace-remover/index.html]
[convertcase.net/js/whitespace-remover.minc213.js]
[convertcase.net/vaporwave-wide-text-generator/convertcase-net.txt]
[convertcase.net/vaporwave-wide-text-generator/index.html]
[convertcase.net/js/vaporwave-wide-text-generator.minc213.js]
[convertcase.net/wingdings-converter/convertcase-net.txt]
[convertcase.net/wingdings-converter/index.html]
[convertcase.net/js/wingdings-converter.minc213.js]
[convertcase.net/glitch-text-converter/convertcase-net.txt]
[convertcase.net/glitch-text-converter/index.html]
[convertcase.net/js/glitch-text-converter.minc213.js]
[convertcase.net/binary-code-translator/convertcase-net.txt]
[convertcase.net/binary-code-translator/index.html]
[convertcase.net/js/binary-code-translator.minc213.js]
[convertcase.net/csv-to-json/convertcase-net.txt]
[convertcase.net/csv-to-json/index.html]
[convertcase.net/js/csv-to-json.minc213.js]
[convertcase.net/hex-to-text-converter/convertcase-net.txt]
[convertcase.net/hex-to-text-converter/index.html]
[convertcase.net/js/hex-to-text-converter.minc213.js]
[convertcase.net/json-stringify-text/convertcase-net.txt]
[convertcase.net/json-stringify-text/index.html]
[convertcase.net/js/json-stringify-text.minc213.js]
[convertcase.net/morse-code-translator/convertcase-net.txt]
[convertcase.net/morse-code-translator/index.html]
[convertcase.net/js/morse-code-translator.minc213.js]
[convertcase.net/number-sorter/convertcase-net.txt]
[convertcase.net/number-sorter/index.html]
[convertcase.net/js/number-sorter.minc213.js]
[convertcase.net/slugify-url-handle-generator/convertcase-net.txt]
[convertcase.net/slugify-url-handle-generator/index.html]
[convertcase.net/js/slugify-url-handle-generator.minc213.js]
[convertcase.net/url-encode-decode/convertcase-net.txt]
[convertcase.net/url-encode-decode/index.html]
[convertcase.net/js/url-encode-decode.minc213.js]
[convertcase.net/utf8-encoding/convertcase-net.txt]
[convertcase.net/utf8-encoding/index.html]
[convertcase.net/js/utf8-encoding.minc213.js]
[convertcase.net/utm-generator/convertcase-net.txt]
[convertcase.net/utm-generator/index.html]
[convertcase.net/js/utm-generator.minc213.js]
[convertcase.net/ascii-art-generator/convertcase-net.txt]
[convertcase.net/ascii-art-generator/index.html]
[convertcase.net/js/ascii-art-generator.minc213.js]
[convertcase.net/image-to-text-converter/convertcase-net.txt]
[convertcase.net/image-to-text-converter/index.html]
[convertcase.net/js/image-to-text-converter.minc213.js]
[convertcase.net/jpg-to-png/convertcase-net.txt]
[convertcase.net/jpg-to-png/index.html]
[convertcase.net/js/jpg-to-png.minc213.js]
[convertcase.net/jpg-to-webp/convertcase-net.txt]
[convertcase.net/jpg-to-webp/index.html]
[convertcase.net/js/jpg-to-webp.minc213.js]
[convertcase.net/png-to-jpg/convertcase-net.txt]
[convertcase.net/png-to-jpg/index.html]
[convertcase.net/js/png-to-jpg.minc213.js]
[convertcase.net/png-to-webp/convertcase-net.txt]
[convertcase.net/png-to-webp/index.html]
[convertcase.net/js/png-to-webp.minc213.js]
[convertcase.net/svg-to-png/convertcase-net.txt]
[convertcase.net/svg-to-png/index.html]
[convertcase.net/js/svg-to-png.minc213.js]
[convertcase.net/webp-to-jpg/convertcase-net.txt]
[convertcase.net/webp-to-jpg/index.html]
[convertcase.net/js/webp-to-jpg.minc213.js]
[convertcase.net/webp-to-png/convertcase-net.txt]
[convertcase.net/webp-to-png/index.html]
[convertcase.net/js/webp-to-png.minc213.js]
[convertcase.net/random-choice-generator/convertcase-net.txt]
[convertcase.net/random-choice-generator/index.html]
[convertcase.net/js/random-choice-generator.minc213.js]
[convertcase.net/random-date-generator/convertcase-net.txt]
[convertcase.net/random-date-generator/index.html]
[convertcase.net/js/random-date-generator.minc213.js]
[convertcase.net/random-ip-address-generator/convertcase-net.txt]
[convertcase.net/random-ip-address-generator/index.html]
[convertcase.net/js/random-ip-address-generator.minc213.js]
[convertcase.net/random-letter-generator/convertcase-net.txt]
[convertcase.net/random-letter-generator/index.html]
[convertcase.net/js/random-letter-generator.minc213.js]
[convertcase.net/random-month-generator/convertcase-net.txt]
[convertcase.net/random-month-generator/index.html]
[convertcase.net/js/random-month-generator.minc213.js]
[convertcase.net/random-number-generator/convertcase-net.txt]
[convertcase.net/random-number-generator/index.html]
[convertcase.net/js/random-number-generator.minc213.js]
[convertcase.net/strong-password-generator/convertcase-net.txt]
[convertcase.net/strong-password-generator/index.html]
[convertcase.net/js/strong-password-generator.minc213.js]
[convertcase.net/nato-alphabet-translator/convertcase-net.txt]
[convertcase.net/nato-alphabet-translator/index.html]
[convertcase.net/js/nato-alphabet-translator.minc213.js]
[convertcase.net/online-sentence-counter/convertcase-net.txt]
[convertcase.net/online-sentence-counter/index.html]
[convertcase.net/js/online-sentence-counter.minc213.js]
[convertcase.net/repeat-text/convertcase-net.txt]
[convertcase.net/repeat-text/index.html]
[convertcase.net/js/repeat-text.minc213.js]
[convertcase.net/roman-numeral-date-converter/convertcase-net.txt]
[convertcase.net/roman-numeral-date-converter/index.html]
[convertcase.net/js/roman-numeral-date-converter.minc213.js]
[convertcase.net/sort-alphabetically/convertcase-net.txt]
[convertcase.net/sort-alphabetically/index.html]
[convertcase.net/js/sort-alphabetically.minc213.js]
[convertcase.net/replace-text/convertcase-net.txt]
[convertcase.net/replace-text/index.html]
[convertcase.net/js/replace-text.minc213.js]
[convertcase.net/about/index.html]
[convertcase.net/js/about.minc213.js]
[convertcase.net/img/firefox.png]
[convertcase.net/img/edge.png]
[convertcase.net/browser-extension/index.html]
[convertcase.net/js/browser-extension.minc213.js]
[convertcase.net/contact/index.html]
[convertcase.net/js/contact.minc213.js]
[convertcase.net/img/app-store.svg]
[convertcase.net/img/play-store.svg]
[convertcase.net/mobile-app/index.html]
[convertcase.net/js/mobile-app.minc213.js]
[convertcase.net/online-text-tools/index.html]
[convertcase.net/js/online-text-tools.minc213.js]
[convertcase.net/suggest-tool/index.html]
[convertcase.net/js/suggest-tool.minc213.js]
[convertcase.net/privacy/index.html]
[convertcase.net/js/privacy.minc213.js]
[convertcase.net/terms/index.html]
[convertcase.net/js/terms.minc213.js]
[convertcase.net/sitemap.html]
[convertcase.net/convertcase-net.html]
[convertcase.net/de/convertcase-net.html]
[convertcase.net/el/convertcase-net.html]
[convertcase.net/es/convertcase-net.html]
[convertcase.net/fil/convertcase-net.html]
[convertcase.net/fr/convertcase-net.html]
[convertcase.net/hi/convertcase-net.html]
[convertcase.net/hu/convertcase-net.html]
[convertcase.net/it/convertcase-net.html]
[convertcase.net/pl/convertcase-net.html]
[convertcase.net/pt/convertcase-net.html]
[convertcase.net/tr/convertcase-net.html]
[convertcase.net/ua/convertcase-net.html]
[convertcase.net/big-text-generator/convertcase-net.html]
[convertcase.net/bold-text-converter/convertcase-net.html]
[convertcase.net/bubble-text-generator/convertcase-net.html]
[convertcase.net/cursed-text/convertcase-net.html]
[convertcase.net/duplicate-line-remover/convertcase-net.html]
[convertcase.net/facebook-font-generator/convertcase-net.html]
[convertcase.net/invisible-text-generator/convertcase-net.html]
[convertcase.net/italic-text-converter/convertcase-net.html]
[convertcase.net/mirror-text-generator/convertcase-net.html]
[convertcase.net/phonetic-spelling-generator/convertcase-net.html]
[convertcase.net/pig-latin-translator/convertcase-net.html]
[convertcase.net/plain-text-converter/convertcase-net.html]
[convertcase.net/remove-line-breaks/convertcase-net.html]
[convertcase.net/remove-text-formatting/convertcase-net.html]
[convertcase.net/reverse-text-generator/convertcase-net.html]
[convertcase.net/sentence-case/convertcase-net.html]
[convertcase.net/small-text-generator/convertcase-net.html]
[convertcase.net/stacked-text-generator/convertcase-net.html]
[convertcase.net/strikethrough-text-generator/convertcase-net.html]
[convertcase.net/superscript-generator/convertcase-net.html]
[convertcase.net/title-case-converter/convertcase-net.html]
[convertcase.net/underline-text/convertcase-net.html]
[convertcase.net/unicode-text-converter/convertcase-net.html]
[convertcase.net/upside-down-text-generator/convertcase-net.html]
[convertcase.net/whitespace-remover/convertcase-net.html]
[convertcase.net/vaporwave-wide-text-generator/convertcase-net.html]
[convertcase.net/wingdings-converter/convertcase-net.html]
[convertcase.net/glitch-text-converter/convertcase-net.html]
[convertcase.net/binary-code-translator/convertcase-net.html]
[convertcase.net/csv-to-json/convertcase-net.html]
[convertcase.net/hex-to-text-converter/convertcase-net.html]
[convertcase.net/json-stringify-text/convertcase-net.html]
[convertcase.net/morse-code-translator/convertcase-net.html]
[convertcase.net/number-sorter/convertcase-net.html]
[convertcase.net/slugify-url-handle-generator/convertcase-net.html]
[convertcase.net/url-encode-decode/convertcase-net.html]
[convertcase.net/utf8-encoding/convertcase-net.html]
[convertcase.net/utm-generator/convertcase-net.html]
[convertcase.net/ascii-art-generator/convertcase-net.html]
[convertcase.net/image-to-text-converter/convertcase-net.html]
[convertcase.net/jpg-to-png/convertcase-net.html]
[convertcase.net/jpg-to-webp/convertcase-net.html]
[convertcase.net/png-to-jpg/convertcase-net.html]
[convertcase.net/png-to-webp/convertcase-net.html]
[convertcase.net/svg-to-png/convertcase-net.html]
[convertcase.net/webp-to-jpg/convertcase-net.html]
[convertcase.net/webp-to-png/convertcase-net.html]
[convertcase.net/random-choice-generator/convertcase-net.html]
[convertcase.net/random-date-generator/convertcase-net.html]
[convertcase.net/random-ip-address-generator/convertcase-net.html]
[convertcase.net/random-letter-generator/convertcase-net.html]
[convertcase.net/random-month-generator/convertcase-net.html]
[convertcase.net/random-number-generator/convertcase-net.html]
[convertcase.net/strong-password-generator/convertcase-net.html]
[convertcase.net/nato-alphabet-translator/convertcase-net.html]
[convertcase.net/online-sentence-counter/convertcase-net.html]
[convertcase.net/repeat-text/convertcase-net.html]
[convertcase.net/roman-numeral-date-converter/convertcase-net.html]
[convertcase.net/sort-alphabetically/convertcase-net.html]
[convertcase.net/replace-text/convertcase-net.html]
[convertcase.net/img/app-store.svg]
[convertcase.net/img/play-store.svg]
[convertcase.net/js/sitemap.html.minc213.js]
